#-----------------------------------------------------------
# Vivado v2024.2 (64-bit)
# SW Build 5239630 on Fri Nov 08 22:34:34 MST 2024
# IP Build 5239520 on Sun Nov 10 16:12:51 MST 2024
# SharedData Build 5239561 on Fri Nov 08 14:39:27 MST 2024
# Start of session at: Fri Dec 19 18:12:59 2025
# Process ID         : 128136
# Current directory  : /home/master26/ems26/e.chinnaya/Documents/plane_project-main-plane_proj_spi/plane_proj_spi/plane_proj_spi.runs/impl_1
# Command line       : vivado -log design_1_wrapper.vdi -applog -product Vivado -messageDb vivado.pb -mode batch -source design_1_wrapper.tcl -notrace
# Log file           : /home/master26/ems26/e.chinnaya/Documents/plane_project-main-plane_proj_spi/plane_proj_spi/plane_proj_spi.runs/impl_1/design_1_wrapper.vdi
# Journal file       : /home/master26/ems26/e.chinnaya/Documents/plane_project-main-plane_proj_spi/plane_proj_spi/plane_proj_spi.runs/impl_1/vivado.jou
# Running On         : pcb07-061-03
# Platform           : unknown
# Operating System   : unknown
# Processor Detail   : Intel(R) Core(TM) i7-9700 CPU @ 3.00GHz
# CPU Frequency      : 4592.139 MHz
# CPU Physical cores : 8
# CPU Logical cores  : 8
# Host memory        : 33204 MB
# Swap memory        : 16806 MB
# Total Virtual      : 50011 MB
# Available Virtual  : 43034 MB
#-----------------------------------------------------------
source design_1_wrapper.tcl -notrace
